ASxxxx Linker V03.00/V05.40 + sdld,  page 1.
Hexadecimal  [32-Bits]

Area                                    Addr        Size        Decimal Bytes (Attributes)
--------------------------------        ----        ----        ------- ----- ------------
CABS                                00000000    00000000 =           0. bytes (ABS,CON,CODE)

      Value  Global                              Global Defined In Module
      -----  --------------------------------   ------------------------
C:   00000000  l_BIT_BANK                      
C:   00000000  l_BSEG                          
C:   00000000  l_BSEG_BYTES                    
C:   00000000  l_CABS                          
C:   00000000  l_GSINIT                        
C:   00000000  l_GSINIT1                       
C:   00000000  l_GSINIT5                       
C:   00000000  l_IABS                          
C:   00000000  l_ISEG                          
C:   00000000  l_PSEG                          
C:   00000000  l_REG_BANK_1                    
C:   00000000  l_REG_BANK_2                    
C:   00000000  l_REG_BANK_3                    
C:   00000000  l_RSEG                          
C:   00000000  l_RSEG0                         
C:   00000000  l_RSEG1                         
C:   00000000  l_XABS                          
C:   00000000  l_XINIT                         
C:   00000000  l_XISEG                         
C:   00000000  l_XSEG                          
C:   00000000  l__CODE                         
C:   00000000  s_BSEG                          
C:   00000000  s_CABS                          
C:   00000000  s_DSEG                          
C:   00000000  s_HOME                          
C:   00000000  s_IABS                          
C:   00000000  s_ISEG                          
C:   00000000  s_REG_BANK_0                    
C:   00000000  s_RSEG                          
C:   00000000  s_RSEG0                         
C:   00000000  s_RSEG1                         
C:   00000000  s_XABS                          
C:   00000001  s_PSEG                          
C:   00000001  s_XISEG                         
C:   00000001  s_XSEG                          
C:   00000003  l_GSFINAL                       
C:   00000003  l_GSINIT0                       
C:   00000004  l_OSEG                          
C:   00000008  l_REG_BANK_0                    
C:   00000008  s_OSEG                          
C:   00000008  s_REG_BANK_1                    
C:   0000000A  l_CONST                         
C:   0000000A  l_GSINIT2                       
C:   0000000C  s_SSEG                          
C:   00000010  s_REG_BANK_2                    
C:   00000018  s_BIT_BANK                      
C:   00000018  s_REG_BANK_3                    
C:   00000020  s_BSEG_BYTES                    
C:   00000020  s__CODE                         
C:   00000022  l_GSINIT3                       
ASxxxx Linker V03.00/V05.40 + sdld,  page 2.
Hexadecimal  [32-Bits]

Area                                    Addr        Size        Decimal Bytes (Attributes)
--------------------------------        ----        ----        ------- ----- ------------
CABS                                00000000    00000000 =           0. bytes (ABS,CON,CODE)

      Value  Global                              Global Defined In Module
      -----  --------------------------------   ------------------------
C:   0000002A  l_GSINIT4                       
C:   0000004C  l_HOME                          
C:   0000004C  s_GSINIT0                       
C:   0000004F  s_GSINIT1                       
C:   0000004F  s_GSINIT2                       
C:   00000059  s_GSINIT3                       
C:   0000007B  s_GSINIT4                       
C:   00000080  l_DSEG                          
C:   000000A5  s_GSFINAL                       
C:   000000A5  s_GSINIT                        
C:   000000A5  s_GSINIT5                       
C:   000000A8  s_CSEG                          
C:   000000B7  l_CSEG                          
C:   000000F4  l_SSEG                          
C:   00000100  l_IRAM                          
C:   0000015F  s_CONST                         
C:   00000169  s_XINIT                         

ASxxxx Linker V03.00/V05.40 + sdld,  page 3.
Hexadecimal  [32-Bits]

Area                                    Addr        Size        Decimal Bytes (Attributes)
--------------------------------        ----        ----        ------- ----- ------------
.  .ABS.                            00000000    00000000 =           0. bytes (ABS,CON)

      Value  Global                              Global Defined In Module
      -----  --------------------------------   ------------------------
     00000000  .__.ABS.                           _startup
     00000080  _P0                                SevenSegmentLED
     00000080  _P0_0                              SevenSegmentLED
     00000081  _P0_1                              SevenSegmentLED
     00000081  _SP                                SevenSegmentLED
     00000082  _DPL                               SevenSegmentLED
     00000082  _P0_2                              SevenSegmentLED
     00000083  _DPH                               SevenSegmentLED
     00000083  _P0_3                              SevenSegmentLED
     00000084  _P0_4                              SevenSegmentLED
     00000085  _P0_5                              SevenSegmentLED
     00000086  _P0_6                              SevenSegmentLED
     00000087  _P0_7                              SevenSegmentLED
     00000087  _PCON                              SevenSegmentLED
     00000088  _IT0                               SevenSegmentLED
     00000088  _TCON                              SevenSegmentLED
     00000089  _IE0                               SevenSegmentLED
     00000089  _TMOD                              SevenSegmentLED
     0000008A  _IT1                               SevenSegmentLED
     0000008A  _TL0                               SevenSegmentLED
     0000008B  _IE1                               SevenSegmentLED
     0000008B  _TL1                               SevenSegmentLED
     0000008C  _TH0                               SevenSegmentLED
     0000008C  _TR0                               SevenSegmentLED
     0000008D  _TF0                               SevenSegmentLED
     0000008D  _TH1                               SevenSegmentLED
     0000008E  _TR1                               SevenSegmentLED
     0000008F  _TF1                               SevenSegmentLED
     00000090  _P1                                SevenSegmentLED
     00000090  _P1_0                              SevenSegmentLED
     00000091  _P1_1                              SevenSegmentLED
     00000092  _P1_2                              SevenSegmentLED
     00000093  _P1_3                              SevenSegmentLED
     00000094  _P1_4                              SevenSegmentLED
     00000095  _P1_5                              SevenSegmentLED
     00000096  _P1_6                              SevenSegmentLED
     00000097  _P1_7                              SevenSegmentLED
     00000098  _RI                                SevenSegmentLED
     00000098  _SCON                              SevenSegmentLED
     00000099  _SBUF                              SevenSegmentLED
     00000099  _TI                                SevenSegmentLED
     0000009A  _RB8                               SevenSegmentLED
     0000009B  _TB8                               SevenSegmentLED
     0000009C  _REN                               SevenSegmentLED
     0000009D  _SM2                               SevenSegmentLED
     0000009E  _SM1                               SevenSegmentLED
     0000009F  _SM0                               SevenSegmentLED
     000000A0  _P2                                SevenSegmentLED
     000000A0  _P2_0                              SevenSegmentLED
     000000A0  __XPAGE                            
ASxxxx Linker V03.00/V05.40 + sdld,  page 4.
Hexadecimal  [32-Bits]

Area                                    Addr        Size        Decimal Bytes (Attributes)
--------------------------------        ----        ----        ------- ----- ------------
.  .ABS.                            00000000    00000000 =           0. bytes (ABS,CON)

      Value  Global                              Global Defined In Module
      -----  --------------------------------   ------------------------
     000000A1  _P2_1                              SevenSegmentLED
     000000A2  _P2_2                              SevenSegmentLED
     000000A3  _P2_3                              SevenSegmentLED
     000000A4  _P2_4                              SevenSegmentLED
     000000A5  _P2_5                              SevenSegmentLED
     000000A6  _P2_6                              SevenSegmentLED
     000000A7  _P2_7                              SevenSegmentLED
     000000A8  _EX0                               SevenSegmentLED
     000000A8  _IE                                SevenSegmentLED
     000000A9  _ET0                               SevenSegmentLED
     000000AA  _EX1                               SevenSegmentLED
     000000AB  _ET1                               SevenSegmentLED
     000000AC  _ES                                SevenSegmentLED
     000000AF  _EA                                SevenSegmentLED
     000000B0  _P3                                SevenSegmentLED
     000000B0  _P3_0                              SevenSegmentLED
     000000B0  _RXD                               SevenSegmentLED
     000000B1  _P3_1                              SevenSegmentLED
     000000B1  _TXD                               SevenSegmentLED
     000000B2  _INT0                              SevenSegmentLED
     000000B2  _P3_2                              SevenSegmentLED
     000000B3  _INT1                              SevenSegmentLED
     000000B3  _P3_3                              SevenSegmentLED
     000000B4  _P3_4                              SevenSegmentLED
     000000B4  _T0                                SevenSegmentLED
     000000B5  _P3_5                              SevenSegmentLED
     000000B5  _T1                                SevenSegmentLED
     000000B6  _P3_6                              SevenSegmentLED
     000000B6  _WR                                SevenSegmentLED
     000000B7  _P3_7                              SevenSegmentLED
     000000B7  _RD                                SevenSegmentLED
     000000B8  _IP                                SevenSegmentLED
     000000B8  _PX0                               SevenSegmentLED
     000000B9  _PT0                               SevenSegmentLED
     000000BA  _PX1                               SevenSegmentLED
     000000BB  _PT1                               SevenSegmentLED
     000000BC  _PS                                SevenSegmentLED
     000000D0  _P                                 SevenSegmentLED
     000000D0  _PSW                               SevenSegmentLED
     000000D1  _F1                                SevenSegmentLED
     000000D2  _OV                                SevenSegmentLED
     000000D3  _RS0                               SevenSegmentLED
     000000D4  _RS1                               SevenSegmentLED
     000000D5  _F0                                SevenSegmentLED
     000000D6  _AC                                SevenSegmentLED
     000000D7  _CY                                SevenSegmentLED
     000000E0  _ACC                               SevenSegmentLED
     000000F0  _B                                 SevenSegmentLED

ASxxxx Linker V03.00/V05.40 + sdld,  page 5.
Hexadecimal  [32-Bits]

Area                                    Addr        Size        Decimal Bytes (Attributes)
--------------------------------        ----        ----        ------- ----- ------------
REG_BANK_0                          00000000    00000008 =           8. bytes (REL,OVR)

      Value  Global                              Global Defined In Module
      -----  --------------------------------   ------------------------
ASxxxx Linker V03.00/V05.40 + sdld,  page 6.
Hexadecimal  [32-Bits]

Area                                    Addr        Size        Decimal Bytes (Attributes)
--------------------------------        ----        ----        ------- ----- ------------
DSEG                                00000000    00000080 =         128. bytes (REL,CON)

      Value  Global                              Global Defined In Module
      -----  --------------------------------   ------------------------
ASxxxx Linker V03.00/V05.40 + sdld,  page 7.
Hexadecimal  [32-Bits]

Area                                    Addr        Size        Decimal Bytes (Attributes)
--------------------------------        ----        ----        ------- ----- ------------
OSEG                                00000008    00000004 =           4. bytes (REL,OVR)

      Value  Global                              Global Defined In Module
      -----  --------------------------------   ------------------------
ASxxxx Linker V03.00/V05.40 + sdld,  page 8.
Hexadecimal  [32-Bits]

Area                                    Addr        Size        Decimal Bytes (Attributes)
--------------------------------        ----        ----        ------- ----- ------------
SSEG                                0000000C    000000F4 =         244. bytes (REL,OVR)

      Value  Global                              Global Defined In Module
      -----  --------------------------------   ------------------------
     0000000C  __start__stack                     SevenSegmentLED

ASxxxx Linker V03.00/V05.40 + sdld,  page 9.
Hexadecimal  [32-Bits]

Area                                    Addr        Size        Decimal Bytes (Attributes)
--------------------------------        ----        ----        ------- ----- ------------
HOME                                00000000    0000004C =          76. bytes (REL,CON,CODE)

      Value  Global                              Global Defined In Module
      -----  --------------------------------   ------------------------
C:   00000008  sdcc_atomic_exchange_rollback_st   SevenSegmentLED
C:   0000002F  sdcc_atomic_exchange_gptr_impl     SevenSegmentLED
C:   0000002F  sdcc_atomic_exchange_rollback_en   SevenSegmentLED
C:   0000003F  sdcc_atomic_compare_exchange_gpt   SevenSegmentLED
C:   00000049  __sdcc_program_startup             SevenSegmentLED

ASxxxx Linker V03.00/V05.40 + sdld,  page 10.
Hexadecimal  [32-Bits]

Area                                    Addr        Size        Decimal Bytes (Attributes)
--------------------------------        ----        ----        ------- ----- ------------
GSINIT0                             0000004C    00000003 =           3. bytes (REL,CON,CODE)

      Value  Global                              Global Defined In Module
      -----  --------------------------------   ------------------------
C:   0000004C  __sdcc_gsinit_startup              

ASxxxx Linker V03.00/V05.40 + sdld,  page 11.
Hexadecimal  [32-Bits]

Area                                    Addr        Size        Decimal Bytes (Attributes)
--------------------------------        ----        ----        ------- ----- ------------
GSINIT2                             0000004F    0000000A =          10. bytes (REL,CON,CODE)

      Value  Global                              Global Defined In Module
      -----  --------------------------------   ------------------------
ASxxxx Linker V03.00/V05.40 + sdld,  page 12.
Hexadecimal  [32-Bits]

Area                                    Addr        Size        Decimal Bytes (Attributes)
--------------------------------        ----        ----        ------- ----- ------------
GSINIT3                             00000059    00000022 =          34. bytes (REL,CON,CODE)

      Value  Global                              Global Defined In Module
      -----  --------------------------------   ------------------------
C:   00000059  __mcs51_genXINIT                   

ASxxxx Linker V03.00/V05.40 + sdld,  page 13.
Hexadecimal  [32-Bits]

Area                                    Addr        Size        Decimal Bytes (Attributes)
--------------------------------        ----        ----        ------- ----- ------------
GSINIT4                             0000007B    0000002A =          42. bytes (REL,CON,CODE)

      Value  Global                              Global Defined In Module
      -----  --------------------------------   ------------------------
C:   0000007B  __mcs51_genRAMCLEAR                
C:   00000081  __mcs51_genXRAMCLEAR               

ASxxxx Linker V03.00/V05.40 + sdld,  page 14.
Hexadecimal  [32-Bits]

Area                                    Addr        Size        Decimal Bytes (Attributes)
--------------------------------        ----        ----        ------- ----- ------------
GSFINAL                             000000A5    00000003 =           3. bytes (REL,CON,CODE)

      Value  Global                              Global Defined In Module
      -----  --------------------------------   ------------------------
ASxxxx Linker V03.00/V05.40 + sdld,  page 15.
Hexadecimal  [32-Bits]

Area                                    Addr        Size        Decimal Bytes (Attributes)
--------------------------------        ----        ----        ------- ----- ------------
CSEG                                000000A8    000000B7 =         183. bytes (REL,CON,CODE)

      Value  Global                              Global Defined In Module
      -----  --------------------------------   ------------------------
C:   000000A8  _main                              SevenSegmentLED
C:   0000015B  ___sdcc_external_startup           _startup

ASxxxx Linker V03.00/V05.40 + sdld,  page 16.
Hexadecimal  [32-Bits]

Area                                    Addr        Size        Decimal Bytes (Attributes)
--------------------------------        ----        ----        ------- ----- ------------
CONST                               0000015F    0000000A =          10. bytes (REL,CON,CODE)

      Value  Global                              Global Defined In Module
      -----  --------------------------------   ------------------------
ASxxxx Linker V03.00/V05.40 + sdld,  page 17.

Files Linked                              [ module(s) ]

SevenSegmentLED.rel                       [  ]


Libraries Linked                          [ object file ]

C:\Program Files\SDCC\bin\..\lib\small/mcs51.lib
                                          [ crtclear.rel ]
C:\Program Files\SDCC\bin\..\lib\small/mcs51.lib
                                          [ crtxinit.rel ]
C:\Program Files\SDCC\bin\..\lib\small/mcs51.lib
                                          [ crtxclear.rel ]
C:\Program Files\SDCC\bin\..\lib\small/mcs51.lib
                                          [ crtpagesfr.rel ]
C:\Program Files\SDCC\bin\..\lib\small/mcs51.lib
                                          [ crtstart.rel ]
C:\Program Files\SDCC\bin\..\lib\small/libsdcc.lib
                                          [ _startup.rel ]

ASxxxx Linker V03.00/V05.40 + sdld,  page 18.

User Base Address Definitions

HOME = 0x0000
XSEG = 0x0001
PSEG = 0x0001
ISEG = 0x0000
BSEG = 0x0000

